// Vitest Snapshot v1, https://vitest.dev/guide/snapshot.html

exports[`VItemGroup > should render with a specified tag when the tag prop is provided with a value 1`] = `
"<button class="v-item-group v-theme--light">
  <!---->
</button>"
`;
