// Jest Snapshot v1, https://goo.gl/fbAQLP

exports[`calendar-with-events.ts should get events map 1`] = `
Object {
  "2019-02-12": Object {
    "events": Array [
      <div
        data-date="2019-02-12"
        data-event="test"
      />,
    ],
    "more": null,
    "parent": <div>
      <div
        data-date="2019-02-12"
        data-event="test"
      />
      <div
        data-date="2019-02-13"
        data-event="test1"
      />
      <div
        data-date="2019-02-13"
        data-event="test2"
        data-more="123"
      />
    </div>,
  },
  "2019-02-13": Object {
    "events": Array [
      <div
        data-date="2019-02-13"
        data-event="test1"
      />,
    ],
    "more": <div
      data-date="2019-02-13"
      data-event="test2"
      data-more="123"
    />,
    "parent": <div>
      <div
        data-date="2019-02-12"
        data-event="test"
      />
      <div
        data-date="2019-02-13"
        data-event="test1"
      />
      <div
        data-date="2019-02-13"
        data-event="test2"
        data-more="123"
      />
    </div>,
  },
}
`;
