// Vitest Snapshot v1, https://vitest.dev/guide/snapshot.html

exports[`VResponsive > should force aspect ratio 1`] = `
"<div class="v-responsive">
  <div class="v-responsive__sizer" style="padding-bottom: 56.25%;"></div>
  <!---->
  <!---->
</div>"
`;

exports[`VResponsive > should render content 1`] = `
"<div class="v-responsive">
  <div class="v-responsive__sizer"></div>
  <!---->
  <div class="v-responsive__content">
    <div>content</div>
  </div>
</div>"
`;

exports[`VResponsive > should set height 1`] = `
"<div class="v-responsive" style="height: 100px; max-height: 200px;">
  <div class="v-responsive__sizer"></div>
  <!---->
  <!---->
</div>"
`;
